// Jest Snapshot v1, https://goo.gl/fbAQLP

exports[`renders correctly 1`] = `
<RCTScrollView
  style={
    Object {
      "backgroundColor": "#FFF",
    }
  }
>
  <View>
    <View
      style={
        Object {
          "alignItems": "center",
          "justifyContent": "space-around",
          "marginBottom": 100,
          "marginTop": 100,
        }
      }
    >
      <Text
        accessible={true}
        allowFontScaling={true}
        disabled={false}
        ellipsizeMode="tail"
        style={
          Object {
            "fontFamily": "AvenirNext-heavy",
            "fontSize": 34,
          }
        }
      >
        Charlie Archive
      </Text>
      <Text
        accessible={true}
        allowFontScaling={true}
        disabled={false}
        ellipsizeMode="tail"
        style={
          Object {
            "color": "#999999",
            "fontFamily": undefined,
            "fontSize": 19,
          }
        }
      >
        at the Harvard Library
      </Text>
    </View>
    <View
      style={
        Object {
          "alignItems": "center",
          "justifyContent": "space-between",
        }
      }
    >
      <View
        accessibilityComponentType={undefined}
        accessibilityLabel={undefined}
        accessibilityTraits={undefined}
        accessible={true}
        collapsable={undefined}
        hitSlop={undefined}
        isTVSelectable={true}
        nativeID={undefined}
        onLayout={undefined}
        onResponderGrant={[Function]}
        onResponderMove={[Function]}
        onResponderRelease={[Function]}
        onResponderTerminate={[Function]}
        onResponderTerminationRequest={[Function]}
        onStartShouldSetResponder={[Function]}
        style={
          Object {
            "alignItems": "center",
            "backgroundColor": "#6DACE8",
            "borderColor": "#fff",
            "borderRadius": 10,
            "borderWidth": 1,
            "flexDirection": "row",
            "height": 50,
            "justifyContent": "center",
            "marginVertical": 5,
            "opacity": 1,
            "width": 250,
          }
        }
        testID={undefined}
        tvParallaxProperties={undefined}
      >
        <Text
          accessible={true}
          allowFontScaling={false}
          disabled={false}
          ellipsizeMode="tail"
          style={
            Array [
              Object {
                "color": undefined,
                "fontSize": 12,
              },
              Object {
                "color": "#FFF",
                "fontSize": 17,
                "margin": 18,
              },
              Object {
                "fontFamily": "FontAwesome",
                "fontStyle": "normal",
                "fontWeight": "normal",
              },
            ]
          }
        >
          
        </Text>
        <Text
          accessible={true}
          allowFontScaling={true}
          disabled={false}
          ellipsizeMode="tail"
          style={
            Object {
              "color": "#FFF",
              "fontFamily": "AvenirNext-bold",
              "fontSize": 14,
              "margin": 18,
              "textAlign": "center",
            }
          }
        >
          Sign in with Twitter
        </Text>
      </View>
      <View
        accessibilityComponentType={undefined}
        accessibilityLabel={undefined}
        accessibilityTraits={undefined}
        accessible={true}
        collapsable={undefined}
        hitSlop={undefined}
        isTVSelectable={true}
        nativeID={undefined}
        onLayout={undefined}
        onResponderGrant={[Function]}
        onResponderMove={[Function]}
        onResponderRelease={[Function]}
        onResponderTerminate={[Function]}
        onResponderTerminationRequest={[Function]}
        onStartShouldSetResponder={[Function]}
        style={
          Object {
            "alignItems": "center",
            "backgroundColor": "#425B91",
            "borderColor": "#fff",
            "borderRadius": 10,
            "borderWidth": 1,
            "flexDirection": "row",
            "height": 50,
            "justifyContent": "center",
            "marginVertical": 5,
            "opacity": 1,
            "width": 250,
          }
        }
        testID={undefined}
        tvParallaxProperties={undefined}
      >
        <Text
          accessible={true}
          allowFontScaling={false}
          disabled={false}
          ellipsizeMode="tail"
          style={
            Array [
              Object {
                "color": undefined,
                "fontSize": 12,
              },
              Object {
                "color": "#FFF",
                "fontSize": 17,
                "margin": 18,
              },
              Object {
                "fontFamily": "FontAwesome",
                "fontStyle": "normal",
                "fontWeight": "normal",
              },
            ]
          }
        >
          
        </Text>
        <Text
          accessible={true}
          allowFontScaling={true}
          disabled={false}
          ellipsizeMode="tail"
          style={
            Object {
              "color": "#FFF",
              "fontFamily": "AvenirNext-bold",
              "fontSize": 14,
              "margin": 18,
              "textAlign": "center",
            }
          }
        >
          Sign in with Facebook
        </Text>
      </View>
      <View
        accessibilityComponentType={undefined}
        accessibilityLabel={undefined}
        accessibilityTraits={undefined}
        accessible={true}
        collapsable={undefined}
        hitSlop={undefined}
        isTVSelectable={true}
        nativeID={undefined}
        onLayout={undefined}
        onResponderGrant={[Function]}
        onResponderMove={[Function]}
        onResponderRelease={[Function]}
        onResponderTerminate={[Function]}
        onResponderTerminationRequest={[Function]}
        onStartShouldSetResponder={[Function]}
        style={
          Object {
            "alignItems": "center",
            "backgroundColor": "#5186EC",
            "borderColor": "#fff",
            "borderRadius": 10,
            "borderWidth": 1,
            "flexDirection": "row",
            "height": 50,
            "justifyContent": "center",
            "marginVertical": 5,
            "opacity": 1,
            "width": 250,
          }
        }
        testID={undefined}
        tvParallaxProperties={undefined}
      >
        <Text
          accessible={true}
          allowFontScaling={false}
          disabled={false}
          ellipsizeMode="tail"
          style={
            Array [
              Object {
                "color": undefined,
                "fontSize": 12,
              },
              Object {
                "color": "#FFF",
                "fontSize": 17,
                "margin": 18,
              },
              Object {
                "fontFamily": "FontAwesome",
                "fontStyle": "normal",
                "fontWeight": "normal",
              },
            ]
          }
        >
          
        </Text>
        <Text
          accessible={true}
          allowFontScaling={true}
          disabled={false}
          ellipsizeMode="tail"
          style={
            Object {
              "color": "#FFF",
              "fontFamily": "AvenirNext-bold",
              "fontSize": 14,
              "margin": 18,
              "textAlign": "center",
            }
          }
        >
          Sign in with Google
        </Text>
      </View>
    </View>
  </View>
</RCTScrollView>
`;
